# CountDivisors.btm
# line 5
<CLASS, >
# line 5
<ID, Main>
# line 5
<{, >
# line 7
<ID, void>
# line 7
<ID, main>
# line 7
<(, >
# line 7
<), >
# line 7
<{, >
# line 8
<ID, TextIO>
# line 8
<ID, io>
# line 8
<=, >
# line 8
<NEW, >
# line 8
<ID, TextIO>
# line 8
<(, >
# line 8
<), >
# line 8
<;, >
# line 9
<ID, int>
# line 9
<ID, upperBound>
# line 9
<=, >
# line 9
<INT_CONST, 1>
# line 9
<;, >
# line 10
<ID, int>
# line 10
<ID, numWithMostDivisors>
# line 10
<=, >
# line 10
<INT_CONST, 0>
# line 10
<;, >
# line 11
<ID, int>
# line 11
<ID, maxDivisors>
# line 11
<=, >
# line 11
<INT_CONST, 0>
# line 11
<;, >
# line 13
<ID, upperBound>
# line 13
<=, >
# line 13
<ID, io>
# line 13
<., >
# line 13
<ID, putString>
# line 13
<(, >
# line 13
<STRING_CONST, "Enter a number >= 1: ", [length: 21] >
# line 13
<), >
# line 13
<., >
# line 13
<ID, getInt>
# line 13
<(, >
# line 13
<), >
# line 13
<;, >
# line 14
<IF, >
# line 14
<(, >
# line 14
<ID, upperBound>
# line 14
<<, >
# line 14
<INT_CONST, 1>
# line 14
<), >
# line 14
<{, >
# line 15
<ID, io>
# line 15
<., >
# line 15
<ID, putString>
# line 15
<(, >
# line 15
<STRING_CONST, "Number must be >= 1", [length: 19] >
# line 15
<), >
# line 15
<;, >
# line 16
<(, >
# line 16
<NEW, >
# line 16
<ID, Sys>
# line 16
<(, >
# line 16
<), >
# line 16
<), >
# line 16
<., >
# line 16
<ID, exit>
# line 16
<(, >
# line 16
<INT_CONST, 1>
# line 16
<), >
# line 16
<;, >
# line 17
<}, >
# line 20
<ID, int>
# line 20
<ID, i>
# line 20
<=, >
# line 20
<INT_CONST, 1>
# line 20
<;, >
# line 21
<WHILE, >
# line 21
<(, >
# line 21
<ID, i>
# line 21
<<=, >
# line 21
<ID, upperBound>
# line 21
<), >
# line 21
<{, >
# line 23
<ID, int>
# line 23
<ID, numDivisors>
# line 23
<=, >
# line 23
<INT_CONST, 0>
# line 23
<;, >
# line 24
<ID, int>
# line 24
<ID, j>
# line 24
<=, >
# line 24
<INT_CONST, 1>
# line 24
<;, >
# line 25
<WHILE, >
# line 25
<(, >
# line 25
<ID, j>
# line 25
<<=, >
# line 25
<ID, i>
# line 25
<), >
# line 25
<{, >
# line 27
<IF, >
# line 27
<(, >
# line 27
<ID, i>
# line 27
<%, >
# line 27
<ID, j>
# line 27
<==, >
# line 27
<INT_CONST, 0>
# line 27
<), >
# line 28
<ID, numDivisors>
# line 28
<=, >
# line 28
<ID, numDivisors>
# line 28
<+, >
# line 28
<INT_CONST, 1>
# line 28
<;, >
# line 29
<ID, j>
# line 29
<=, >
# line 29
<ID, j>
# line 29
<+, >
# line 29
<INT_CONST, 1>
# line 29
<;, >
# line 30
<}, >
# line 34
<IF, >
# line 34
<(, >
# line 34
<ID, numDivisors>
# line 34
<>, >
# line 34
<ID, maxDivisors>
# line 34
<), >
# line 34
<{, >
# line 35
<ID, numWithMostDivisors>
# line 35
<=, >
# line 35
<ID, i>
# line 35
<;, >
# line 36
<ID, maxDivisors>
# line 36
<=, >
# line 36
<ID, numDivisors>
# line 36
<;, >
# line 37
<}, >
# line 39
<ID, i>
# line 39
<=, >
# line 39
<ID, i>
# line 39
<+, >
# line 39
<INT_CONST, 1>
# line 39
<;, >
# line 40
<}, >
# line 43
<ID, io>
# line 43
<., >
# line 43
<ID, putString>
# line 43
<(, >
# line 43
<STRING_CONST, "Number with most divisors: ", [length: 27] >
# line 43
<), >
# line 43
<., >
# line 43
<ID, putInt>
# line 43
<(, >
# line 43
<ID, numWithMostDivisors>
# line 43
<), >
# line 43
<., >
# line 43
<ID, putString>
# line 43
<(, >
# line 43
<STRING_CONST, "\n", [length: 1] >
# line 43
<), >
# line 43
<;, >
# line 44
<ID, io>
# line 44
<., >
# line 44
<ID, putString>
# line 44
<(, >
# line 44
<STRING_CONST, "Number of divisors: ", [length: 20] >
# line 44
<), >
# line 44
<., >
# line 44
<ID, putInt>
# line 44
<(, >
# line 44
<ID, maxDivisors>
# line 44
<), >
# line 44
<., >
# line 44
<ID, putString>
# line 44
<(, >
# line 44
<STRING_CONST, "\n", [length: 1] >
# line 44
<), >
# line 44
<;, >
# line 46
<RETURN, >
# line 46
<;, >
# line 47
<}, >
# line 48
<}, >
# line 48
<EOF, >
