# GCTest.btm
# line 1
<CLASS, >
# line 1
<ID, Main>
# line 1
<{, >
# line 2
<ID, void>
# line 2
<ID, main>
# line 2
<(, >
# line 2
<), >
# line 2
<{, >
# line 3
<ID, TextIO>
# line 3
<ID, io>
# line 3
<=, >
# line 3
<NEW, >
# line 3
<ID, TextIO>
# line 3
<(, >
# line 3
<), >
# line 3
<;, >
# line 4
<ID, Vector>
# line 4
<ID, v>
# line 4
<=, >
# line 4
<NEW, >
# line 4
<ID, Vector>
# line 4
<(, >
# line 4
<), >
# line 4
<;, >
# line 5
<ID, int>
# line 5
<ID, i>
# line 5
<=, >
# line 5
<INT_CONST, 0>
# line 5
<;, >
# line 6
<WHILE, >
# line 6
<(, >
# line 6
<ID, i>
# line 6
<<, >
# line 6
<INT_CONST, 1000>
# line 6
<), >
# line 6
<{, >
# line 7
<ID, io>
# line 7
<., >
# line 7
<ID, putInt>
# line 7
<(, >
# line 7
<ID, i>
# line 7
<), >
# line 7
<., >
# line 7
<ID, putString>
# line 7
<(, >
# line 7
<STRING_CONST, "-1\n", [length: 3] >
# line 7
<), >
# line 7
<;, >
# line 8
<IF, >
# line 8
<(, >
# line 8
<ID, i>
# line 8
<%, >
# line 8
<INT_CONST, 100>
# line 8
<==, >
# line 8
<INT_CONST, 0>
# line 8
<), >
# line 9
<ID, v>
# line 9
<., >
# line 9
<ID, addElement>
# line 9
<(, >
# line 9
<NEW, >
# line 9
<ID, A>
# line 9
<(, >
# line 9
<), >
# line 9
<), >
# line 9
<;, >
# line 10
<ID, io>
# line 10
<., >
# line 10
<ID, putInt>
# line 10
<(, >
# line 10
<ID, i>
# line 10
<), >
# line 10
<., >
# line 10
<ID, putString>
# line 10
<(, >
# line 10
<STRING_CONST, "-2\n", [length: 3] >
# line 10
<), >
# line 10
<;, >
# line 11
<(, >
# line 11
<NEW, >
# line 11
<ID, TextIO>
# line 11
<(, >
# line 11
<), >
# line 11
<), >
# line 11
<., >
# line 11
<ID, putInt>
# line 11
<(, >
# line 11
<ID, i>
# line 11
<), >
# line 11
<., >
# line 11
<ID, putString>
# line 11
<(, >
# line 11
<STRING_CONST, "-3\n", [length: 3] >
# line 11
<), >
# line 11
<;, >
# line 12
<ID, String>
# line 12
<ID, s>
# line 12
<=, >
# line 12
<STRING_CONST, "abcdefhijklmnopqrstuvwxyzABCDEFGHIJKLMNOPQRSTUVWXYZ0123456789", [length: 61] >
# line 12
<;, >
# line 13
<ID, io>
# line 13
<., >
# line 13
<ID, putInt>
# line 13
<(, >
# line 13
<ID, i>
# line 13
<), >
# line 13
<., >
# line 13
<ID, putString>
# line 13
<(, >
# line 13
<STRING_CONST, "-4\n", [length: 3] >
# line 13
<), >
# line 13
<;, >
# line 14
<NEW, >
# line 14
<ID, Sys>
# line 14
<(, >
# line 14
<), >
# line 14
<;, >
# line 15
<ID, io>
# line 15
<., >
# line 15
<ID, putInt>
# line 15
<(, >
# line 15
<ID, i>
# line 15
<), >
# line 15
<., >
# line 15
<ID, putString>
# line 15
<(, >
# line 15
<STRING_CONST, "-5\n", [length: 3] >
# line 15
<), >
# line 15
<;, >
# line 16
<NEW, >
# line 16
<ID, A>
# line 16
<(, >
# line 16
<), >
# line 16
<;, >
# line 17
<ID, io>
# line 17
<., >
# line 17
<ID, putInt>
# line 17
<(, >
# line 17
<ID, i>
# line 17
<), >
# line 17
<., >
# line 17
<ID, putString>
# line 17
<(, >
# line 17
<STRING_CONST, "-6\n", [length: 3] >
# line 17
<), >
# line 17
<;, >
# line 18
<ID, v>
# line 18
<., >
# line 18
<ID, addElement>
# line 18
<(, >
# line 18
<NEW, >
# line 18
<ID, TextIO>
# line 18
<(, >
# line 18
<), >
# line 18
<), >
# line 18
<;, >
# line 19
<ID, io>
# line 19
<., >
# line 19
<ID, putInt>
# line 19
<(, >
# line 19
<ID, i>
# line 19
<), >
# line 19
<., >
# line 19
<ID, putString>
# line 19
<(, >
# line 19
<STRING_CONST, "-7\n", [length: 3] >
# line 19
<), >
# line 19
<;, >
# line 20
<(, >
# line 20
<NEW, >
# line 20
<ID, TextIO>
# line 20
<(, >
# line 20
<), >
# line 20
<), >
# line 20
<., >
# line 20
<ID, putInt>
# line 20
<(, >
# line 20
<ID, i>
# line 20
<), >
# line 20
<., >
# line 20
<ID, putString>
# line 20
<(, >
# line 20
<STRING_CONST, "-8\n", [length: 3] >
# line 20
<), >
# line 20
<;, >
# line 21
<NEW, >
# line 21
<ID, Sys>
# line 21
<(, >
# line 21
<), >
# line 21
<;, >
# line 22
<ID, io>
# line 22
<., >
# line 22
<ID, putInt>
# line 22
<(, >
# line 22
<ID, i>
# line 22
<), >
# line 22
<., >
# line 22
<ID, putString>
# line 22
<(, >
# line 22
<STRING_CONST, "-9\n", [length: 3] >
# line 22
<), >
# line 22
<;, >
# line 23
<ID, v>
# line 23
<., >
# line 23
<ID, addElement>
# line 23
<(, >
# line 23
<NEW, >
# line 23
<ID, Sys>
# line 23
<(, >
# line 23
<), >
# line 23
<), >
# line 23
<;, >
# line 24
<ID, io>
# line 24
<., >
# line 24
<ID, putInt>
# line 24
<(, >
# line 24
<ID, i>
# line 24
<), >
# line 24
<., >
# line 24
<ID, putString>
# line 24
<(, >
# line 24
<STRING_CONST, "-10\n", [length: 4] >
# line 24
<), >
# line 24
<;, >
# line 25
<ID, v>
# line 25
<., >
# line 25
<ID, addElement>
# line 25
<(, >
# line 25
<STRING_CONST, "abc", [length: 3] >
# line 25
<), >
# line 25
<;, >
# line 26
<ID, i>
# line 26
<=, >
# line 26
<ID, i>
# line 26
<+, >
# line 26
<INT_CONST, 1>
# line 26
<;, >
# line 27
<}, >
# line 28
<RETURN, >
# line 28
<;, >
# line 29
<}, >
# line 30
<}, >
# line 32
<CLASS, >
# line 32
<ID, A>
# line 32
<{, >
# line 33
<ID, int>
# line 33
<ID, a0>
# line 33
<;, >
# line 34
<ID, int>
# line 34
<ID, a1>
# line 34
<;, >
# line 35
<ID, int>
# line 35
<ID, a2>
# line 35
<;, >
# line 36
<ID, int>
# line 36
<ID, a3>
# line 36
<;, >
# line 37
<ID, int>
# line 37
<ID, a4>
# line 37
<;, >
# line 38
<ID, int>
# line 38
<ID, a5>
# line 38
<;, >
# line 39
<ID, int>
# line 39
<ID, a6>
# line 39
<;, >
# line 40
<ID, int>
# line 40
<ID, a7>
# line 40
<;, >
# line 41
<ID, int>
# line 41
<ID, a8>
# line 41
<;, >
# line 42
<ID, int>
# line 42
<ID, a9>
# line 42
<;, >
# line 43
<ID, int>
# line 43
<ID, a10>
# line 43
<;, >
# line 44
<ID, int>
# line 44
<ID, a11>
# line 44
<;, >
# line 45
<ID, int>
# line 45
<ID, a12>
# line 45
<;, >
# line 46
<ID, int>
# line 46
<ID, a13>
# line 46
<;, >
# line 47
<ID, int>
# line 47
<ID, a14>
# line 47
<;, >
# line 48
<ID, int>
# line 48
<ID, a15>
# line 48
<;, >
# line 49
<ID, int>
# line 49
<ID, a16>
# line 49
<;, >
# line 50
<ID, int>
# line 50
<ID, a17>
# line 50
<;, >
# line 51
<ID, int>
# line 51
<ID, a18>
# line 51
<;, >
# line 52
<ID, int>
# line 52
<ID, a19>
# line 52
<;, >
# line 53
<ID, int>
# line 53
<ID, a20>
# line 53
<;, >
# line 54
<ID, int>
# line 54
<ID, a21>
# line 54
<;, >
# line 55
<ID, int>
# line 55
<ID, a22>
# line 55
<;, >
# line 56
<ID, int>
# line 56
<ID, a23>
# line 56
<;, >
# line 57
<ID, int>
# line 57
<ID, a24>
# line 57
<;, >
# line 58
<ID, int>
# line 58
<ID, a25>
# line 58
<;, >
# line 59
<ID, int>
# line 59
<ID, a26>
# line 59
<;, >
# line 60
<ID, int>
# line 60
<ID, a27>
# line 60
<;, >
# line 61
<ID, int>
# line 61
<ID, a28>
# line 61
<;, >
# line 62
<ID, int>
# line 62
<ID, a29>
# line 62
<;, >
# line 63
<ID, int>
# line 63
<ID, a30>
# line 63
<;, >
# line 64
<ID, int>
# line 64
<ID, a31>
# line 64
<;, >
# line 65
<ID, int>
# line 65
<ID, a32>
# line 65
<;, >
# line 66
<ID, int>
# line 66
<ID, a33>
# line 66
<;, >
# line 67
<ID, int>
# line 67
<ID, a34>
# line 67
<;, >
# line 68
<ID, int>
# line 68
<ID, a35>
# line 68
<;, >
# line 69
<ID, int>
# line 69
<ID, a36>
# line 69
<;, >
# line 70
<ID, int>
# line 70
<ID, a37>
# line 70
<;, >
# line 71
<ID, int>
# line 71
<ID, a38>
# line 71
<;, >
# line 72
<ID, int>
# line 72
<ID, a39>
# line 72
<;, >
# line 73
<ID, int>
# line 73
<ID, a40>
# line 73
<;, >
# line 74
<ID, int>
# line 74
<ID, a41>
# line 74
<;, >
# line 75
<ID, int>
# line 75
<ID, a42>
# line 75
<;, >
# line 76
<ID, int>
# line 76
<ID, a43>
# line 76
<;, >
# line 77
<ID, int>
# line 77
<ID, a44>
# line 77
<;, >
# line 78
<ID, int>
# line 78
<ID, a45>
# line 78
<;, >
# line 79
<ID, int>
# line 79
<ID, a46>
# line 79
<;, >
# line 80
<ID, int>
# line 80
<ID, a47>
# line 80
<;, >
# line 81
<ID, int>
# line 81
<ID, a48>
# line 81
<;, >
# line 82
<ID, int>
# line 82
<ID, a49>
# line 82
<;, >
# line 83
<ID, int>
# line 83
<ID, a50>
# line 83
<;, >
# line 84
<ID, int>
# line 84
<ID, a51>
# line 84
<;, >
# line 85
<ID, int>
# line 85
<ID, a52>
# line 85
<;, >
# line 86
<ID, int>
# line 86
<ID, a53>
# line 86
<;, >
# line 87
<ID, int>
# line 87
<ID, a54>
# line 87
<;, >
# line 88
<ID, int>
# line 88
<ID, a55>
# line 88
<;, >
# line 89
<ID, int>
# line 89
<ID, a56>
# line 89
<;, >
# line 90
<ID, int>
# line 90
<ID, a57>
# line 90
<;, >
# line 91
<ID, int>
# line 91
<ID, a58>
# line 91
<;, >
# line 92
<ID, int>
# line 92
<ID, a59>
# line 92
<;, >
# line 93
<ID, int>
# line 93
<ID, a60>
# line 93
<;, >
# line 94
<ID, int>
# line 94
<ID, a61>
# line 94
<;, >
# line 95
<ID, int>
# line 95
<ID, a62>
# line 95
<;, >
# line 96
<ID, int>
# line 96
<ID, a63>
# line 96
<;, >
# line 97
<ID, int>
# line 97
<ID, a64>
# line 97
<;, >
# line 98
<ID, int>
# line 98
<ID, a65>
# line 98
<;, >
# line 99
<ID, int>
# line 99
<ID, a66>
# line 99
<;, >
# line 100
<ID, int>
# line 100
<ID, a67>
# line 100
<;, >
# line 101
<ID, int>
# line 101
<ID, a68>
# line 101
<;, >
# line 102
<ID, int>
# line 102
<ID, a69>
# line 102
<;, >
# line 103
<ID, int>
# line 103
<ID, a70>
# line 103
<;, >
# line 104
<ID, int>
# line 104
<ID, a71>
# line 104
<;, >
# line 105
<ID, int>
# line 105
<ID, a72>
# line 105
<;, >
# line 106
<ID, int>
# line 106
<ID, a73>
# line 106
<;, >
# line 107
<ID, int>
# line 107
<ID, a74>
# line 107
<;, >
# line 108
<ID, int>
# line 108
<ID, a75>
# line 108
<;, >
# line 109
<ID, int>
# line 109
<ID, a76>
# line 109
<;, >
# line 110
<ID, int>
# line 110
<ID, a77>
# line 110
<;, >
# line 111
<ID, int>
# line 111
<ID, a78>
# line 111
<;, >
# line 112
<ID, int>
# line 112
<ID, a79>
# line 112
<;, >
# line 113
<ID, int>
# line 113
<ID, a80>
# line 113
<;, >
# line 114
<ID, int>
# line 114
<ID, a81>
# line 114
<;, >
# line 115
<ID, int>
# line 115
<ID, a82>
# line 115
<;, >
# line 116
<ID, int>
# line 116
<ID, a83>
# line 116
<;, >
# line 117
<ID, int>
# line 117
<ID, a84>
# line 117
<;, >
# line 118
<ID, int>
# line 118
<ID, a85>
# line 118
<;, >
# line 119
<ID, int>
# line 119
<ID, a86>
# line 119
<;, >
# line 120
<ID, int>
# line 120
<ID, a87>
# line 120
<;, >
# line 121
<ID, int>
# line 121
<ID, a88>
# line 121
<;, >
# line 122
<ID, int>
# line 122
<ID, a89>
# line 122
<;, >
# line 123
<ID, int>
# line 123
<ID, a90>
# line 123
<;, >
# line 124
<ID, int>
# line 124
<ID, a91>
# line 124
<;, >
# line 125
<ID, int>
# line 125
<ID, a92>
# line 125
<;, >
# line 126
<ID, int>
# line 126
<ID, a93>
# line 126
<;, >
# line 127
<ID, int>
# line 127
<ID, a94>
# line 127
<;, >
# line 128
<ID, int>
# line 128
<ID, a95>
# line 128
<;, >
# line 129
<ID, int>
# line 129
<ID, a96>
# line 129
<;, >
# line 130
<ID, int>
# line 130
<ID, a97>
# line 130
<;, >
# line 131
<ID, int>
# line 131
<ID, a98>
# line 131
<;, >
# line 132
<ID, int>
# line 132
<ID, a99>
# line 132
<;, >
# line 133
<ID, int>
# line 133
<ID, a100>
# line 133
<;, >
# line 134
<ID, int>
# line 134
<ID, a101>
# line 134
<;, >
# line 135
<ID, int>
# line 135
<ID, a102>
# line 135
<;, >
# line 136
<ID, int>
# line 136
<ID, a103>
# line 136
<;, >
# line 137
<ID, int>
# line 137
<ID, a104>
# line 137
<;, >
# line 138
<ID, int>
# line 138
<ID, a105>
# line 138
<;, >
# line 139
<ID, int>
# line 139
<ID, a106>
# line 139
<;, >
# line 140
<ID, int>
# line 140
<ID, a107>
# line 140
<;, >
# line 141
<ID, int>
# line 141
<ID, a108>
# line 141
<;, >
# line 142
<ID, int>
# line 142
<ID, a109>
# line 142
<;, >
# line 143
<ID, int>
# line 143
<ID, a110>
# line 143
<;, >
# line 144
<ID, int>
# line 144
<ID, a111>
# line 144
<;, >
# line 145
<ID, int>
# line 145
<ID, a112>
# line 145
<;, >
# line 146
<ID, int>
# line 146
<ID, a113>
# line 146
<;, >
# line 147
<ID, int>
# line 147
<ID, a114>
# line 147
<;, >
# line 148
<ID, int>
# line 148
<ID, a115>
# line 148
<;, >
# line 149
<ID, int>
# line 149
<ID, a116>
# line 149
<;, >
# line 150
<ID, int>
# line 150
<ID, a117>
# line 150
<;, >
# line 151
<ID, int>
# line 151
<ID, a118>
# line 151
<;, >
# line 152
<ID, int>
# line 152
<ID, a119>
# line 152
<;, >
# line 153
<ID, int>
# line 153
<ID, a120>
# line 153
<;, >
# line 154
<ID, int>
# line 154
<ID, a121>
# line 154
<;, >
# line 155
<ID, int>
# line 155
<ID, a122>
# line 155
<;, >
# line 156
<ID, int>
# line 156
<ID, a123>
# line 156
<;, >
# line 157
<ID, int>
# line 157
<ID, a124>
# line 157
<;, >
# line 158
<ID, int>
# line 158
<ID, a125>
# line 158
<;, >
# line 159
<ID, int>
# line 159
<ID, a126>
# line 159
<;, >
# line 160
<ID, int>
# line 160
<ID, a127>
# line 160
<;, >
# line 161
<ID, int>
# line 161
<ID, a128>
# line 161
<;, >
# line 162
<ID, int>
# line 162
<ID, a129>
# line 162
<;, >
# line 163
<ID, int>
# line 163
<ID, a130>
# line 163
<;, >
# line 164
<ID, int>
# line 164
<ID, a131>
# line 164
<;, >
# line 165
<ID, int>
# line 165
<ID, a132>
# line 165
<;, >
# line 166
<ID, int>
# line 166
<ID, a133>
# line 166
<;, >
# line 167
<ID, int>
# line 167
<ID, a134>
# line 167
<;, >
# line 168
<ID, int>
# line 168
<ID, a135>
# line 168
<;, >
# line 169
<ID, int>
# line 169
<ID, a136>
# line 169
<;, >
# line 170
<ID, int>
# line 170
<ID, a137>
# line 170
<;, >
# line 171
<ID, int>
# line 171
<ID, a138>
# line 171
<;, >
# line 172
<ID, int>
# line 172
<ID, a139>
# line 172
<;, >
# line 173
<ID, int>
# line 173
<ID, a140>
# line 173
<;, >
# line 174
<ID, int>
# line 174
<ID, a141>
# line 174
<;, >
# line 175
<ID, int>
# line 175
<ID, a142>
# line 175
<;, >
# line 176
<ID, int>
# line 176
<ID, a143>
# line 176
<;, >
# line 177
<ID, int>
# line 177
<ID, a144>
# line 177
<;, >
# line 178
<ID, int>
# line 178
<ID, a145>
# line 178
<;, >
# line 179
<ID, int>
# line 179
<ID, a146>
# line 179
<;, >
# line 180
<ID, int>
# line 180
<ID, a147>
# line 180
<;, >
# line 181
<ID, int>
# line 181
<ID, a148>
# line 181
<;, >
# line 182
<ID, int>
# line 182
<ID, a149>
# line 182
<;, >
# line 183
<ID, int>
# line 183
<ID, a150>
# line 183
<;, >
# line 184
<ID, int>
# line 184
<ID, a151>
# line 184
<;, >
# line 185
<ID, int>
# line 185
<ID, a152>
# line 185
<;, >
# line 186
<ID, int>
# line 186
<ID, a153>
# line 186
<;, >
# line 187
<ID, int>
# line 187
<ID, a154>
# line 187
<;, >
# line 188
<ID, int>
# line 188
<ID, a155>
# line 188
<;, >
# line 189
<ID, int>
# line 189
<ID, a156>
# line 189
<;, >
# line 190
<ID, int>
# line 190
<ID, a157>
# line 190
<;, >
# line 191
<ID, int>
# line 191
<ID, a158>
# line 191
<;, >
# line 192
<ID, int>
# line 192
<ID, a159>
# line 192
<;, >
# line 193
<ID, int>
# line 193
<ID, a160>
# line 193
<;, >
# line 194
<ID, int>
# line 194
<ID, a161>
# line 194
<;, >
# line 195
<ID, int>
# line 195
<ID, a162>
# line 195
<;, >
# line 196
<ID, int>
# line 196
<ID, a163>
# line 196
<;, >
# line 197
<ID, int>
# line 197
<ID, a164>
# line 197
<;, >
# line 198
<ID, int>
# line 198
<ID, a165>
# line 198
<;, >
# line 199
<ID, int>
# line 199
<ID, a166>
# line 199
<;, >
# line 200
<ID, int>
# line 200
<ID, a167>
# line 200
<;, >
# line 201
<ID, int>
# line 201
<ID, a168>
# line 201
<;, >
# line 202
<ID, int>
# line 202
<ID, a169>
# line 202
<;, >
# line 203
<ID, int>
# line 203
<ID, a170>
# line 203
<;, >
# line 204
<ID, int>
# line 204
<ID, a171>
# line 204
<;, >
# line 205
<ID, int>
# line 205
<ID, a172>
# line 205
<;, >
# line 206
<ID, int>
# line 206
<ID, a173>
# line 206
<;, >
# line 207
<ID, int>
# line 207
<ID, a174>
# line 207
<;, >
# line 208
<ID, int>
# line 208
<ID, a175>
# line 208
<;, >
# line 209
<ID, int>
# line 209
<ID, a176>
# line 209
<;, >
# line 210
<ID, int>
# line 210
<ID, a177>
# line 210
<;, >
# line 211
<ID, int>
# line 211
<ID, a178>
# line 211
<;, >
# line 212
<ID, int>
# line 212
<ID, a179>
# line 212
<;, >
# line 213
<ID, int>
# line 213
<ID, a180>
# line 213
<;, >
# line 214
<ID, int>
# line 214
<ID, a181>
# line 214
<;, >
# line 215
<ID, int>
# line 215
<ID, a182>
# line 215
<;, >
# line 216
<ID, int>
# line 216
<ID, a183>
# line 216
<;, >
# line 217
<ID, int>
# line 217
<ID, a184>
# line 217
<;, >
# line 218
<ID, int>
# line 218
<ID, a185>
# line 218
<;, >
# line 219
<ID, int>
# line 219
<ID, a186>
# line 219
<;, >
# line 220
<ID, int>
# line 220
<ID, a187>
# line 220
<;, >
# line 221
<ID, int>
# line 221
<ID, a188>
# line 221
<;, >
# line 222
<ID, int>
# line 222
<ID, a189>
# line 222
<;, >
# line 223
<ID, int>
# line 223
<ID, a190>
# line 223
<;, >
# line 224
<ID, int>
# line 224
<ID, a191>
# line 224
<;, >
# line 225
<ID, int>
# line 225
<ID, a192>
# line 225
<;, >
# line 226
<ID, int>
# line 226
<ID, a193>
# line 226
<;, >
# line 227
<ID, int>
# line 227
<ID, a194>
# line 227
<;, >
# line 228
<ID, int>
# line 228
<ID, a195>
# line 228
<;, >
# line 229
<ID, int>
# line 229
<ID, a196>
# line 229
<;, >
# line 230
<ID, int>
# line 230
<ID, a197>
# line 230
<;, >
# line 231
<ID, int>
# line 231
<ID, a198>
# line 231
<;, >
# line 232
<ID, int>
# line 232
<ID, a199>
# line 232
<;, >
# line 233
<ID, int>
# line 233
<ID, a200>
# line 233
<;, >
# line 234
<ID, int>
# line 234
<ID, a201>
# line 234
<;, >
# line 235
<ID, int>
# line 235
<ID, a202>
# line 235
<;, >
# line 236
<ID, int>
# line 236
<ID, a203>
# line 236
<;, >
# line 237
<ID, int>
# line 237
<ID, a204>
# line 237
<;, >
# line 238
<ID, int>
# line 238
<ID, a205>
# line 238
<;, >
# line 239
<ID, int>
# line 239
<ID, a206>
# line 239
<;, >
# line 240
<ID, int>
# line 240
<ID, a207>
# line 240
<;, >
# line 241
<ID, int>
# line 241
<ID, a208>
# line 241
<;, >
# line 242
<ID, int>
# line 242
<ID, a209>
# line 242
<;, >
# line 243
<ID, int>
# line 243
<ID, a210>
# line 243
<;, >
# line 244
<ID, int>
# line 244
<ID, a211>
# line 244
<;, >
# line 245
<ID, int>
# line 245
<ID, a212>
# line 245
<;, >
# line 246
<ID, int>
# line 246
<ID, a213>
# line 246
<;, >
# line 247
<ID, int>
# line 247
<ID, a214>
# line 247
<;, >
# line 248
<ID, int>
# line 248
<ID, a215>
# line 248
<;, >
# line 249
<ID, int>
# line 249
<ID, a216>
# line 249
<;, >
# line 250
<ID, int>
# line 250
<ID, a217>
# line 250
<;, >
# line 251
<ID, int>
# line 251
<ID, a218>
# line 251
<;, >
# line 252
<ID, int>
# line 252
<ID, a219>
# line 252
<;, >
# line 253
<ID, int>
# line 253
<ID, a220>
# line 253
<;, >
# line 254
<ID, int>
# line 254
<ID, a221>
# line 254
<;, >
# line 255
<ID, int>
# line 255
<ID, a222>
# line 255
<;, >
# line 256
<ID, int>
# line 256
<ID, a223>
# line 256
<;, >
# line 257
<ID, int>
# line 257
<ID, a224>
# line 257
<;, >
# line 258
<ID, int>
# line 258
<ID, a225>
# line 258
<;, >
# line 259
<ID, int>
# line 259
<ID, a226>
# line 259
<;, >
# line 260
<ID, int>
# line 260
<ID, a227>
# line 260
<;, >
# line 261
<ID, int>
# line 261
<ID, a228>
# line 261
<;, >
# line 262
<ID, int>
# line 262
<ID, a229>
# line 262
<;, >
# line 263
<ID, int>
# line 263
<ID, a230>
# line 263
<;, >
# line 264
<ID, int>
# line 264
<ID, a231>
# line 264
<;, >
# line 265
<ID, int>
# line 265
<ID, a232>
# line 265
<;, >
# line 266
<ID, int>
# line 266
<ID, a233>
# line 266
<;, >
# line 267
<ID, int>
# line 267
<ID, a234>
# line 267
<;, >
# line 268
<ID, int>
# line 268
<ID, a235>
# line 268
<;, >
# line 269
<ID, int>
# line 269
<ID, a236>
# line 269
<;, >
# line 270
<ID, int>
# line 270
<ID, a237>
# line 270
<;, >
# line 271
<ID, int>
# line 271
<ID, a238>
# line 271
<;, >
# line 272
<ID, int>
# line 272
<ID, a239>
# line 272
<;, >
# line 273
<ID, int>
# line 273
<ID, a240>
# line 273
<;, >
# line 274
<ID, int>
# line 274
<ID, a241>
# line 274
<;, >
# line 275
<ID, int>
# line 275
<ID, a242>
# line 275
<;, >
# line 276
<ID, int>
# line 276
<ID, a243>
# line 276
<;, >
# line 277
<ID, int>
# line 277
<ID, a244>
# line 277
<;, >
# line 278
<ID, int>
# line 278
<ID, a245>
# line 278
<;, >
# line 279
<ID, int>
# line 279
<ID, a246>
# line 279
<;, >
# line 280
<ID, int>
# line 280
<ID, a247>
# line 280
<;, >
# line 281
<ID, int>
# line 281
<ID, a248>
# line 281
<;, >
# line 282
<ID, int>
# line 282
<ID, a249>
# line 282
<;, >
# line 283
<ID, int>
# line 283
<ID, a250>
# line 283
<;, >
# line 284
<ID, int>
# line 284
<ID, a251>
# line 284
<;, >
# line 285
<ID, int>
# line 285
<ID, a252>
# line 285
<;, >
# line 286
<ID, int>
# line 286
<ID, a253>
# line 286
<;, >
# line 287
<ID, int>
# line 287
<ID, a254>
# line 287
<;, >
# line 288
<ID, int>
# line 288
<ID, a255>
# line 288
<;, >
# line 289
<ID, int>
# line 289
<ID, a256>
# line 289
<;, >
# line 290
<ID, int>
# line 290
<ID, a257>
# line 290
<;, >
# line 291
<ID, int>
# line 291
<ID, a258>
# line 291
<;, >
# line 292
<ID, int>
# line 292
<ID, a259>
# line 292
<;, >
# line 293
<ID, int>
# line 293
<ID, a260>
# line 293
<;, >
# line 294
<ID, int>
# line 294
<ID, a261>
# line 294
<;, >
# line 295
<ID, int>
# line 295
<ID, a262>
# line 295
<;, >
# line 296
<ID, int>
# line 296
<ID, a263>
# line 296
<;, >
# line 297
<ID, int>
# line 297
<ID, a264>
# line 297
<;, >
# line 298
<ID, int>
# line 298
<ID, a265>
# line 298
<;, >
# line 299
<ID, int>
# line 299
<ID, a266>
# line 299
<;, >
# line 300
<ID, int>
# line 300
<ID, a267>
# line 300
<;, >
# line 301
<ID, int>
# line 301
<ID, a268>
# line 301
<;, >
# line 302
<ID, int>
# line 302
<ID, a269>
# line 302
<;, >
# line 303
<ID, int>
# line 303
<ID, a270>
# line 303
<;, >
# line 304
<ID, int>
# line 304
<ID, a271>
# line 304
<;, >
# line 305
<ID, int>
# line 305
<ID, a272>
# line 305
<;, >
# line 306
<ID, int>
# line 306
<ID, a273>
# line 306
<;, >
# line 307
<ID, int>
# line 307
<ID, a274>
# line 307
<;, >
# line 308
<ID, int>
# line 308
<ID, a275>
# line 308
<;, >
# line 309
<ID, int>
# line 309
<ID, a276>
# line 309
<;, >
# line 310
<ID, int>
# line 310
<ID, a277>
# line 310
<;, >
# line 311
<ID, int>
# line 311
<ID, a278>
# line 311
<;, >
# line 312
<ID, int>
# line 312
<ID, a279>
# line 312
<;, >
# line 313
<ID, int>
# line 313
<ID, a280>
# line 313
<;, >
# line 314
<ID, int>
# line 314
<ID, a281>
# line 314
<;, >
# line 315
<ID, int>
# line 315
<ID, a282>
# line 315
<;, >
# line 316
<ID, int>
# line 316
<ID, a283>
# line 316
<;, >
# line 317
<ID, int>
# line 317
<ID, a284>
# line 317
<;, >
# line 318
<ID, int>
# line 318
<ID, a285>
# line 318
<;, >
# line 319
<ID, int>
# line 319
<ID, a286>
# line 319
<;, >
# line 320
<ID, int>
# line 320
<ID, a287>
# line 320
<;, >
# line 321
<ID, int>
# line 321
<ID, a288>
# line 321
<;, >
# line 322
<ID, int>
# line 322
<ID, a289>
# line 322
<;, >
# line 323
<ID, int>
# line 323
<ID, a290>
# line 323
<;, >
# line 324
<ID, int>
# line 324
<ID, a291>
# line 324
<;, >
# line 325
<ID, int>
# line 325
<ID, a292>
# line 325
<;, >
# line 326
<ID, int>
# line 326
<ID, a293>
# line 326
<;, >
# line 327
<ID, int>
# line 327
<ID, a294>
# line 327
<;, >
# line 328
<ID, int>
# line 328
<ID, a295>
# line 328
<;, >
# line 329
<ID, int>
# line 329
<ID, a296>
# line 329
<;, >
# line 330
<ID, int>
# line 330
<ID, a297>
# line 330
<;, >
# line 331
<ID, int>
# line 331
<ID, a298>
# line 331
<;, >
# line 332
<ID, int>
# line 332
<ID, a299>
# line 332
<;, >
# line 333
<ID, int>
# line 333
<ID, a300>
# line 333
<;, >
# line 334
<ID, int>
# line 334
<ID, a301>
# line 334
<;, >
# line 335
<ID, int>
# line 335
<ID, a302>
# line 335
<;, >
# line 336
<ID, int>
# line 336
<ID, a303>
# line 336
<;, >
# line 337
<ID, int>
# line 337
<ID, a304>
# line 337
<;, >
# line 338
<ID, int>
# line 338
<ID, a305>
# line 338
<;, >
# line 339
<ID, int>
# line 339
<ID, a306>
# line 339
<;, >
# line 340
<ID, int>
# line 340
<ID, a307>
# line 340
<;, >
# line 341
<ID, int>
# line 341
<ID, a308>
# line 341
<;, >
# line 342
<ID, int>
# line 342
<ID, a309>
# line 342
<;, >
# line 343
<ID, int>
# line 343
<ID, a310>
# line 343
<;, >
# line 344
<ID, int>
# line 344
<ID, a311>
# line 344
<;, >
# line 345
<ID, int>
# line 345
<ID, a312>
# line 345
<;, >
# line 346
<ID, int>
# line 346
<ID, a313>
# line 346
<;, >
# line 347
<ID, int>
# line 347
<ID, a314>
# line 347
<;, >
# line 348
<ID, int>
# line 348
<ID, a315>
# line 348
<;, >
# line 349
<ID, int>
# line 349
<ID, a316>
# line 349
<;, >
# line 350
<ID, int>
# line 350
<ID, a317>
# line 350
<;, >
# line 351
<ID, int>
# line 351
<ID, a318>
# line 351
<;, >
# line 352
<ID, int>
# line 352
<ID, a319>
# line 352
<;, >
# line 353
<ID, int>
# line 353
<ID, a320>
# line 353
<;, >
# line 354
<ID, int>
# line 354
<ID, a321>
# line 354
<;, >
# line 355
<ID, int>
# line 355
<ID, a322>
# line 355
<;, >
# line 356
<ID, int>
# line 356
<ID, a323>
# line 356
<;, >
# line 357
<ID, int>
# line 357
<ID, a324>
# line 357
<;, >
# line 358
<ID, int>
# line 358
<ID, a325>
# line 358
<;, >
# line 359
<ID, int>
# line 359
<ID, a326>
# line 359
<;, >
# line 360
<ID, int>
# line 360
<ID, a327>
# line 360
<;, >
# line 361
<ID, int>
# line 361
<ID, a328>
# line 361
<;, >
# line 362
<ID, int>
# line 362
<ID, a329>
# line 362
<;, >
# line 363
<ID, int>
# line 363
<ID, a330>
# line 363
<;, >
# line 364
<ID, int>
# line 364
<ID, a331>
# line 364
<;, >
# line 365
<ID, int>
# line 365
<ID, a332>
# line 365
<;, >
# line 366
<ID, int>
# line 366
<ID, a333>
# line 366
<;, >
# line 367
<ID, int>
# line 367
<ID, a334>
# line 367
<;, >
# line 368
<ID, int>
# line 368
<ID, a335>
# line 368
<;, >
# line 369
<ID, int>
# line 369
<ID, a336>
# line 369
<;, >
# line 370
<ID, int>
# line 370
<ID, a337>
# line 370
<;, >
# line 371
<ID, int>
# line 371
<ID, a338>
# line 371
<;, >
# line 372
<ID, int>
# line 372
<ID, a339>
# line 372
<;, >
# line 373
<ID, int>
# line 373
<ID, a340>
# line 373
<;, >
# line 374
<ID, int>
# line 374
<ID, a341>
# line 374
<;, >
# line 375
<ID, int>
# line 375
<ID, a342>
# line 375
<;, >
# line 376
<ID, int>
# line 376
<ID, a343>
# line 376
<;, >
# line 377
<ID, int>
# line 377
<ID, a344>
# line 377
<;, >
# line 378
<ID, int>
# line 378
<ID, a345>
# line 378
<;, >
# line 379
<ID, int>
# line 379
<ID, a346>
# line 379
<;, >
# line 380
<ID, int>
# line 380
<ID, a347>
# line 380
<;, >
# line 381
<ID, int>
# line 381
<ID, a348>
# line 381
<;, >
# line 382
<ID, int>
# line 382
<ID, a349>
# line 382
<;, >
# line 383
<ID, int>
# line 383
<ID, a350>
# line 383
<;, >
# line 384
<ID, int>
# line 384
<ID, a351>
# line 384
<;, >
# line 385
<ID, int>
# line 385
<ID, a352>
# line 385
<;, >
# line 386
<ID, int>
# line 386
<ID, a353>
# line 386
<;, >
# line 387
<ID, int>
# line 387
<ID, a354>
# line 387
<;, >
# line 388
<ID, int>
# line 388
<ID, a355>
# line 388
<;, >
# line 389
<ID, int>
# line 389
<ID, a356>
# line 389
<;, >
# line 390
<ID, int>
# line 390
<ID, a357>
# line 390
<;, >
# line 391
<ID, int>
# line 391
<ID, a358>
# line 391
<;, >
# line 392
<ID, int>
# line 392
<ID, a359>
# line 392
<;, >
# line 393
<ID, int>
# line 393
<ID, a360>
# line 393
<;, >
# line 394
<ID, int>
# line 394
<ID, a361>
# line 394
<;, >
# line 395
<ID, int>
# line 395
<ID, a362>
# line 395
<;, >
# line 396
<ID, int>
# line 396
<ID, a363>
# line 396
<;, >
# line 397
<ID, int>
# line 397
<ID, a364>
# line 397
<;, >
# line 398
<ID, int>
# line 398
<ID, a365>
# line 398
<;, >
# line 399
<ID, int>
# line 399
<ID, a366>
# line 399
<;, >
# line 400
<ID, int>
# line 400
<ID, a367>
# line 400
<;, >
# line 401
<ID, int>
# line 401
<ID, a368>
# line 401
<;, >
# line 402
<ID, int>
# line 402
<ID, a369>
# line 402
<;, >
# line 403
<ID, int>
# line 403
<ID, a370>
# line 403
<;, >
# line 404
<ID, int>
# line 404
<ID, a371>
# line 404
<;, >
# line 405
<ID, int>
# line 405
<ID, a372>
# line 405
<;, >
# line 406
<ID, int>
# line 406
<ID, a373>
# line 406
<;, >
# line 407
<ID, int>
# line 407
<ID, a374>
# line 407
<;, >
# line 408
<ID, int>
# line 408
<ID, a375>
# line 408
<;, >
# line 409
<ID, int>
# line 409
<ID, a376>
# line 409
<;, >
# line 410
<ID, int>
# line 410
<ID, a377>
# line 410
<;, >
# line 411
<ID, int>
# line 411
<ID, a378>
# line 411
<;, >
# line 412
<ID, int>
# line 412
<ID, a379>
# line 412
<;, >
# line 413
<ID, int>
# line 413
<ID, a380>
# line 413
<;, >
# line 414
<ID, int>
# line 414
<ID, a381>
# line 414
<;, >
# line 415
<ID, int>
# line 415
<ID, a382>
# line 415
<;, >
# line 416
<ID, int>
# line 416
<ID, a383>
# line 416
<;, >
# line 417
<ID, int>
# line 417
<ID, a384>
# line 417
<;, >
# line 418
<ID, int>
# line 418
<ID, a385>
# line 418
<;, >
# line 419
<ID, int>
# line 419
<ID, a386>
# line 419
<;, >
# line 420
<ID, int>
# line 420
<ID, a387>
# line 420
<;, >
# line 421
<ID, int>
# line 421
<ID, a388>
# line 421
<;, >
# line 422
<ID, int>
# line 422
<ID, a389>
# line 422
<;, >
# line 423
<ID, int>
# line 423
<ID, a390>
# line 423
<;, >
# line 424
<ID, int>
# line 424
<ID, a391>
# line 424
<;, >
# line 425
<ID, int>
# line 425
<ID, a392>
# line 425
<;, >
# line 426
<ID, int>
# line 426
<ID, a393>
# line 426
<;, >
# line 427
<ID, int>
# line 427
<ID, a394>
# line 427
<;, >
# line 428
<ID, int>
# line 428
<ID, a395>
# line 428
<;, >
# line 429
<ID, int>
# line 429
<ID, a396>
# line 429
<;, >
# line 430
<ID, int>
# line 430
<ID, a397>
# line 430
<;, >
# line 431
<ID, int>
# line 431
<ID, a398>
# line 431
<;, >
# line 432
<ID, int>
# line 432
<ID, a399>
# line 432
<;, >
# line 433
<ID, int>
# line 433
<ID, a400>
# line 433
<;, >
# line 434
<ID, int>
# line 434
<ID, a401>
# line 434
<;, >
# line 435
<ID, int>
# line 435
<ID, a402>
# line 435
<;, >
# line 436
<ID, int>
# line 436
<ID, a403>
# line 436
<;, >
# line 437
<ID, int>
# line 437
<ID, a404>
# line 437
<;, >
# line 438
<ID, int>
# line 438
<ID, a405>
# line 438
<;, >
# line 439
<ID, int>
# line 439
<ID, a406>
# line 439
<;, >
# line 440
<ID, int>
# line 440
<ID, a407>
# line 440
<;, >
# line 441
<ID, int>
# line 441
<ID, a408>
# line 441
<;, >
# line 442
<ID, int>
# line 442
<ID, a409>
# line 442
<;, >
# line 443
<ID, int>
# line 443
<ID, a410>
# line 443
<;, >
# line 444
<ID, int>
# line 444
<ID, a411>
# line 444
<;, >
# line 445
<ID, int>
# line 445
<ID, a412>
# line 445
<;, >
# line 446
<ID, int>
# line 446
<ID, a413>
# line 446
<;, >
# line 447
<ID, int>
# line 447
<ID, a414>
# line 447
<;, >
# line 448
<ID, int>
# line 448
<ID, a415>
# line 448
<;, >
# line 449
<ID, int>
# line 449
<ID, a416>
# line 449
<;, >
# line 450
<ID, int>
# line 450
<ID, a417>
# line 450
<;, >
# line 451
<ID, int>
# line 451
<ID, a418>
# line 451
<;, >
# line 452
<ID, int>
# line 452
<ID, a419>
# line 452
<;, >
# line 453
<ID, int>
# line 453
<ID, a420>
# line 453
<;, >
# line 454
<ID, int>
# line 454
<ID, a421>
# line 454
<;, >
# line 455
<ID, int>
# line 455
<ID, a422>
# line 455
<;, >
# line 456
<ID, int>
# line 456
<ID, a423>
# line 456
<;, >
# line 457
<ID, int>
# line 457
<ID, a424>
# line 457
<;, >
# line 458
<ID, int>
# line 458
<ID, a425>
# line 458
<;, >
# line 459
<ID, int>
# line 459
<ID, a426>
# line 459
<;, >
# line 460
<ID, int>
# line 460
<ID, a427>
# line 460
<;, >
# line 461
<ID, int>
# line 461
<ID, a428>
# line 461
<;, >
# line 462
<ID, int>
# line 462
<ID, a429>
# line 462
<;, >
# line 463
<ID, int>
# line 463
<ID, a430>
# line 463
<;, >
# line 464
<ID, int>
# line 464
<ID, a431>
# line 464
<;, >
# line 465
<ID, int>
# line 465
<ID, a432>
# line 465
<;, >
# line 466
<ID, int>
# line 466
<ID, a433>
# line 466
<;, >
# line 467
<ID, int>
# line 467
<ID, a434>
# line 467
<;, >
# line 468
<ID, int>
# line 468
<ID, a435>
# line 468
<;, >
# line 469
<ID, int>
# line 469
<ID, a436>
# line 469
<;, >
# line 470
<ID, int>
# line 470
<ID, a437>
# line 470
<;, >
# line 471
<ID, int>
# line 471
<ID, a438>
# line 471
<;, >
# line 472
<ID, int>
# line 472
<ID, a439>
# line 472
<;, >
# line 473
<ID, int>
# line 473
<ID, a440>
# line 473
<;, >
# line 474
<ID, int>
# line 474
<ID, a441>
# line 474
<;, >
# line 475
<ID, int>
# line 475
<ID, a442>
# line 475
<;, >
# line 476
<ID, int>
# line 476
<ID, a443>
# line 476
<;, >
# line 477
<ID, int>
# line 477
<ID, a444>
# line 477
<;, >
# line 478
<ID, int>
# line 478
<ID, a445>
# line 478
<;, >
# line 479
<ID, int>
# line 479
<ID, a446>
# line 479
<;, >
# line 480
<ID, int>
# line 480
<ID, a447>
# line 480
<;, >
# line 481
<ID, int>
# line 481
<ID, a448>
# line 481
<;, >
# line 482
<ID, int>
# line 482
<ID, a449>
# line 482
<;, >
# line 483
<ID, int>
# line 483
<ID, a450>
# line 483
<;, >
# line 484
<ID, int>
# line 484
<ID, a451>
# line 484
<;, >
# line 485
<ID, int>
# line 485
<ID, a452>
# line 485
<;, >
# line 486
<ID, int>
# line 486
<ID, a453>
# line 486
<;, >
# line 487
<ID, int>
# line 487
<ID, a454>
# line 487
<;, >
# line 488
<ID, int>
# line 488
<ID, a455>
# line 488
<;, >
# line 489
<ID, int>
# line 489
<ID, a456>
# line 489
<;, >
# line 490
<ID, int>
# line 490
<ID, a457>
# line 490
<;, >
# line 491
<ID, int>
# line 491
<ID, a458>
# line 491
<;, >
# line 492
<ID, int>
# line 492
<ID, a459>
# line 492
<;, >
# line 493
<ID, int>
# line 493
<ID, a460>
# line 493
<;, >
# line 494
<ID, int>
# line 494
<ID, a461>
# line 494
<;, >
# line 495
<ID, int>
# line 495
<ID, a462>
# line 495
<;, >
# line 496
<ID, int>
# line 496
<ID, a463>
# line 496
<;, >
# line 497
<ID, int>
# line 497
<ID, a464>
# line 497
<;, >
# line 498
<ID, int>
# line 498
<ID, a465>
# line 498
<;, >
# line 499
<ID, int>
# line 499
<ID, a466>
# line 499
<;, >
# line 500
<ID, int>
# line 500
<ID, a467>
# line 500
<;, >
# line 501
<ID, int>
# line 501
<ID, a468>
# line 501
<;, >
# line 502
<ID, int>
# line 502
<ID, a469>
# line 502
<;, >
# line 503
<ID, int>
# line 503
<ID, a470>
# line 503
<;, >
# line 504
<ID, int>
# line 504
<ID, a471>
# line 504
<;, >
# line 505
<ID, int>
# line 505
<ID, a472>
# line 505
<;, >
# line 506
<ID, int>
# line 506
<ID, a473>
# line 506
<;, >
# line 507
<ID, int>
# line 507
<ID, a474>
# line 507
<;, >
# line 508
<ID, int>
# line 508
<ID, a475>
# line 508
<;, >
# line 509
<ID, int>
# line 509
<ID, a476>
# line 509
<;, >
# line 510
<ID, int>
# line 510
<ID, a477>
# line 510
<;, >
# line 511
<ID, int>
# line 511
<ID, a478>
# line 511
<;, >
# line 512
<ID, int>
# line 512
<ID, a479>
# line 512
<;, >
# line 513
<ID, int>
# line 513
<ID, a480>
# line 513
<;, >
# line 514
<ID, int>
# line 514
<ID, a481>
# line 514
<;, >
# line 515
<ID, int>
# line 515
<ID, a482>
# line 515
<;, >
# line 516
<ID, int>
# line 516
<ID, a483>
# line 516
<;, >
# line 517
<ID, int>
# line 517
<ID, a484>
# line 517
<;, >
# line 518
<ID, int>
# line 518
<ID, a485>
# line 518
<;, >
# line 519
<ID, int>
# line 519
<ID, a486>
# line 519
<;, >
# line 520
<ID, int>
# line 520
<ID, a487>
# line 520
<;, >
# line 521
<ID, int>
# line 521
<ID, a488>
# line 521
<;, >
# line 522
<ID, int>
# line 522
<ID, a489>
# line 522
<;, >
# line 523
<ID, int>
# line 523
<ID, a490>
# line 523
<;, >
# line 524
<ID, int>
# line 524
<ID, a491>
# line 524
<;, >
# line 525
<ID, int>
# line 525
<ID, a492>
# line 525
<;, >
# line 526
<ID, int>
# line 526
<ID, a493>
# line 526
<;, >
# line 527
<ID, int>
# line 527
<ID, a494>
# line 527
<;, >
# line 528
<ID, int>
# line 528
<ID, a495>
# line 528
<;, >
# line 529
<ID, int>
# line 529
<ID, a496>
# line 529
<;, >
# line 530
<ID, int>
# line 530
<ID, a497>
# line 530
<;, >
# line 531
<ID, int>
# line 531
<ID, a498>
# line 531
<;, >
# line 532
<ID, int>
# line 532
<ID, a499>
# line 532
<;, >
# line 533
<}, >
# Vector.btm
# line 5
<CLASS, >
# line 5
<ID, Vector>
# line 5
<{, >
# line 7
<ID, TextIO>
# line 7
<ID, io>
# line 7
<=, >
# line 7
<NEW, >
# line 7
<ID, TextIO>
# line 7
<(, >
# line 7
<), >
# line 7
<;, >
# line 9
<ID, Object>
# line 9
<[, >
# line 9
<], >
# line 9
<ID, elements>
# line 9
<=, >
# line 9
<NEW, >
# line 9
<ID, Object>
# line 9
<[, >
# line 9
<INT_CONST, 10>
# line 9
<], >
# line 9
<;, >
# line 11
<ID, int>
# line 11
<ID, size>
# line 11
<=, >
# line 11
<INT_CONST, 0>
# line 11
<;, >
# line 17
<ID, void>
# line 17
<ID, error>
# line 17
<(, >
# line 17
<ID, String>
# line 17
<ID, message>
# line 17
<), >
# line 17
<{, >
# line 18
<ID, io>
# line 18
<., >
# line 18
<ID, putString>
# line 18
<(, >
# line 18
<STRING_CONST, "Vector error: ", [length: 14] >
# line 18
<), >
# line 18
<., >
# line 18
<ID, putString>
# line 18
<(, >
# line 18
<ID, message>
# line 18
<), >
# line 18
<., >
# line 18
<ID, putString>
# line 18
<(, >
# line 18
<STRING_CONST, "\n", [length: 1] >
# line 18
<), >
# line 18
<;, >
# line 19
<(, >
# line 19
<NEW, >
# line 19
<ID, Sys>
# line 19
<(, >
# line 19
<), >
# line 19
<), >
# line 19
<., >
# line 19
<ID, exit>
# line 19
<(, >
# line 19
<INT_CONST, 1>
# line 19
<), >
# line 19
<;, >
# line 20
<RETURN, >
# line 20
<;, >
# line 21
<}, >
# line 29
<ID, void>
# line 29
<ID, checkIndex>
# line 29
<(, >
# line 29
<ID, int>
# line 29
<ID, i>
# line 29
<,, >
# line 29
<ID, String>
# line 29
<ID, method>
# line 29
<,, >
# line 29
<ID, boolean>
# line 29
<ID, isSizeIncluded>
# line 29
<), >
# line 29
<{, >
# line 30
<IF, >
# line 30
<(, >
# line 30
<!, >
# line 30
<ID, isSizeIncluded>
# line 30
<), >
# line 30
<{, >
# line 31
<IF, >
# line 31
<(, >
# line 31
<ID, i>
# line 31
<<, >
# line 31
<INT_CONST, 0>
# line 31
<||, >
# line 31
<ID, i>
# line 31
<>=, >
# line 31
<ID, size>
# line 31
<), >
# line 31
<{, >
# line 32
<ID, io>
# line 32
<., >
# line 32
<ID, putString>
# line 32
<(, >
# line 32
<STRING_CONST, "Bad index '", [length: 11] >
# line 32
<), >
# line 32
<., >
# line 32
<ID, putInt>
# line 32
<(, >
# line 32
<ID, i>
# line 32
<), >
# line 32
<., >
# line 32
<ID, putString>
# line 32
<(, >
# line 32
<STRING_CONST, "'\n", [length: 2] >
# line 32
<), >
# line 32
<;, >
# line 33
<ID, io>
# line 33
<., >
# line 33
<ID, putString>
# line 33
<(, >
# line 33
<STRING_CONST, "Index must be >= 0 and < size '", [length: 31] >
# line 33
<), >
# line 33
<;, >
# line 34
<ID, io>
# line 34
<., >
# line 34
<ID, putInt>
# line 34
<(, >
# line 34
<ID, size>
# line 34
<), >
# line 34
<., >
# line 34
<ID, putString>
# line 34
<(, >
# line 34
<STRING_CONST, "'\n", [length: 2] >
# line 34
<), >
# line 34
<;, >
# line 35
<ID, error>
# line 35
<(, >
# line 35
<STRING_CONST, "index out of bounds in method ", [length: 30] >
# line 35
<., >
# line 35
<ID, concat>
# line 35
<(, >
# line 35
<ID, method>
# line 35
<), >
# line 35
<), >
# line 35
<;, >
# line 36
<}, >
# line 37
<}, >
# line 38
<ELSE, >
# line 38
<{, >
# line 39
<IF, >
# line 39
<(, >
# line 39
<ID, i>
# line 39
<<, >
# line 39
<INT_CONST, 0>
# line 39
<||, >
# line 39
<ID, i>
# line 39
<>, >
# line 39
<ID, size>
# line 39
<), >
# line 39
<{, >
# line 40
<ID, io>
# line 40
<., >
# line 40
<ID, putString>
# line 40
<(, >
# line 40
<STRING_CONST, "Bad index '", [length: 11] >
# line 40
<), >
# line 40
<., >
# line 40
<ID, putInt>
# line 40
<(, >
# line 40
<ID, i>
# line 40
<), >
# line 40
<., >
# line 40
<ID, putString>
# line 40
<(, >
# line 40
<STRING_CONST, "'\n", [length: 2] >
# line 40
<), >
# line 40
<;, >
# line 41
<ID, io>
# line 41
<., >
# line 41
<ID, putString>
# line 41
<(, >
# line 41
<STRING_CONST, "Index must be >= 0 and <= size '", [length: 32] >
# line 41
<), >
# line 41
<;, >
# line 42
<ID, io>
# line 42
<., >
# line 42
<ID, putInt>
# line 42
<(, >
# line 42
<ID, size>
# line 42
<), >
# line 42
<., >
# line 42
<ID, putString>
# line 42
<(, >
# line 42
<STRING_CONST, "'\n", [length: 2] >
# line 42
<), >
# line 42
<;, >
# line 43
<ID, error>
# line 43
<(, >
# line 43
<STRING_CONST, "index out of bounds in method ", [length: 30] >
# line 43
<., >
# line 43
<ID, concat>
# line 43
<(, >
# line 43
<ID, method>
# line 43
<), >
# line 43
<), >
# line 43
<;, >
# line 44
<}, >
# line 45
<}, >
# line 47
<RETURN, >
# line 47
<;, >
# line 48
<}, >
# line 53
<ID, void>
# line 53
<ID, resize>
# line 53
<(, >
# line 53
<), >
# line 53
<{, >
# line 54
<ID, Object>
# line 54
<[, >
# line 54
<], >
# line 54
<ID, tmp>
# line 54
<=, >
# line 54
<NEW, >
# line 54
<ID, Object>
# line 54
<[, >
# line 54
<ID, elements>
# line 54
<., >
# line 54
<ID, length>
# line 54
<*, >
# line 54
<INT_CONST, 2>
# line 54
<], >
# line 54
<;, >
# line 55
<ID, int>
# line 55
<ID, i>
# line 55
<=, >
# line 55
<INT_CONST, 0>
# line 55
<;, >
# line 57
<WHILE, >
# line 57
<(, >
# line 57
<ID, i>
# line 57
<<, >
# line 57
<ID, elements>
# line 57
<., >
# line 57
<ID, length>
# line 57
<), >
# line 57
<{, >
# line 58
<ID, tmp>
# line 58
<[, >
# line 58
<ID, i>
# line 58
<], >
# line 58
<=, >
# line 58
<ID, elements>
# line 58
<[, >
# line 58
<ID, i>
# line 58
<], >
# line 58
<;, >
# line 59
<ID, i>
# line 59
<=, >
# line 59
<ID, i>
# line 59
<+, >
# line 59
<INT_CONST, 1>
# line 59
<;, >
# line 60
<}, >
# line 61
<ID, elements>
# line 61
<=, >
# line 61
<ID, tmp>
# line 61
<;, >
# line 63
<RETURN, >
# line 63
<;, >
# line 64
<}, >
# line 69
<ID, int>
# line 69
<ID, size>
# line 69
<(, >
# line 69
<), >
# line 69
<{, >
# line 70
<RETURN, >
# line 70
<ID, size>
# line 70
<;, >
# line 71
<}, >
# line 77
<ID, boolean>
# line 77
<ID, contains>
# line 77
<(, >
# line 77
<ID, Object>
# line 77
<ID, o>
# line 77
<), >
# line 77
<{, >
# line 78
<ID, boolean>
# line 78
<ID, found>
# line 78
<=, >
# line 78
<BOOLEAN_CONST, false>
# line 78
<;, >
# line 79
<ID, int>
# line 79
<ID, i>
# line 79
<=, >
# line 79
<INT_CONST, 0>
# line 79
<;, >
# line 81
<WHILE, >
# line 81
<(, >
# line 81
<ID, i>
# line 81
<<, >
# line 81
<ID, size>
# line 81
<), >
# line 81
<{, >
# line 82
<IF, >
# line 82
<(, >
# line 82
<ID, elements>
# line 82
<[, >
# line 82
<ID, i>
# line 82
<], >
# line 82
<==, >
# line 82
<ID, o>
# line 82
<), >
# line 83
<ID, found>
# line 83
<=, >
# line 83
<BOOLEAN_CONST, true>
# line 83
<;, >
# line 84
<ID, i>
# line 84
<=, >
# line 84
<ID, i>
# line 84
<+, >
# line 84
<INT_CONST, 1>
# line 84
<;, >
# line 85
<}, >
# line 87
<RETURN, >
# line 87
<ID, found>
# line 87
<;, >
# line 88
<}, >
# line 94
<ID, Object>
# line 94
<ID, elementAt>
# line 94
<(, >
# line 94
<ID, int>
# line 94
<ID, i>
# line 94
<), >
# line 94
<{, >
# line 95
<ID, checkIndex>
# line 95
<(, >
# line 95
<ID, i>
# line 95
<,, >
# line 95
<STRING_CONST, "elementAt", [length: 9] >
# line 95
<,, >
# line 95
<BOOLEAN_CONST, false>
# line 95
<), >
# line 95
<;, >
# line 96
<RETURN, >
# line 96
<ID, elements>
# line 96
<[, >
# line 96
<ID, i>
# line 96
<], >
# line 96
<;, >
# line 97
<}, >
# line 104
<ID, Vector>
# line 104
<ID, addElementAt>
# line 104
<(, >
# line 104
<ID, Object>
# line 104
<ID, o>
# line 104
<,, >
# line 104
<ID, int>
# line 104
<ID, i>
# line 104
<), >
# line 104
<{, >
# line 105
<ID, checkIndex>
# line 105
<(, >
# line 105
<ID, i>
# line 105
<,, >
# line 105
<STRING_CONST, "addElementAt", [length: 12] >
# line 105
<,, >
# line 105
<BOOLEAN_CONST, true>
# line 105
<), >
# line 105
<;, >
# line 107
<IF, >
# line 107
<(, >
# line 107
<ID, size>
# line 107
<==, >
# line 107
<ID, elements>
# line 107
<., >
# line 107
<ID, length>
# line 107
<), >
# line 108
<ID, resize>
# line 108
<(, >
# line 108
<), >
# line 108
<;, >
# line 110
<ID, int>
# line 110
<ID, j>
# line 110
<=, >
# line 110
<ID, size>
# line 110
<;, >
# line 111
<WHILE, >
# line 111
<(, >
# line 111
<ID, j>
# line 111
<>, >
# line 111
<ID, i>
# line 111
<), >
# line 111
<{, >
# line 112
<ID, elements>
# line 112
<[, >
# line 112
<ID, j>
# line 112
<], >
# line 112
<=, >
# line 112
<ID, elements>
# line 112
<[, >
# line 112
<ID, j>
# line 112
<-, >
# line 112
<INT_CONST, 1>
# line 112
<], >
# line 112
<;, >
# line 113
<ID, j>
# line 113
<=, >
# line 113
<ID, j>
# line 113
<-, >
# line 113
<INT_CONST, 1>
# line 113
<;, >
# line 114
<}, >
# line 115
<ID, elements>
# line 115
<[, >
# line 115
<ID, i>
# line 115
<], >
# line 115
<=, >
# line 115
<ID, o>
# line 115
<;, >
# line 116
<ID, size>
# line 116
<=, >
# line 116
<ID, size>
# line 116
<+, >
# line 116
<INT_CONST, 1>
# line 116
<;, >
# line 118
<RETURN, >
# line 118
<ID, this>
# line 118
<;, >
# line 119
<}, >
# line 126
<ID, Vector>
# line 126
<ID, setElementAt>
# line 126
<(, >
# line 126
<ID, Object>
# line 126
<ID, o>
# line 126
<,, >
# line 126
<ID, int>
# line 126
<ID, i>
# line 126
<), >
# line 126
<{, >
# line 127
<ID, checkIndex>
# line 127
<(, >
# line 127
<ID, i>
# line 127
<,, >
# line 127
<STRING_CONST, "setElementAt", [length: 12] >
# line 127
<,, >
# line 127
<BOOLEAN_CONST, false>
# line 127
<), >
# line 127
<;, >
# line 128
<ID, addElementAt>
# line 128
<(, >
# line 128
<ID, o>
# line 128
<,, >
# line 128
<ID, i>
# line 128
<), >
# line 128
<;, >
# line 129
<ID, removeElementAt>
# line 129
<(, >
# line 129
<ID, i>
# line 129
<+, >
# line 129
<INT_CONST, 1>
# line 129
<), >
# line 129
<;, >
# line 131
<RETURN, >
# line 131
<ID, this>
# line 131
<;, >
# line 132
<}, >
# line 138
<ID, Vector>
# line 138
<ID, removeElementAt>
# line 138
<(, >
# line 138
<ID, int>
# line 138
<ID, i>
# line 138
<), >
# line 138
<{, >
# line 139
<ID, checkIndex>
# line 139
<(, >
# line 139
<ID, i>
# line 139
<,, >
# line 139
<STRING_CONST, "removeElementAt", [length: 15] >
# line 139
<,, >
# line 139
<BOOLEAN_CONST, false>
# line 139
<), >
# line 139
<;, >
# line 141
<ID, int>
# line 141
<ID, j>
# line 141
<=, >
# line 141
<ID, i>
# line 141
<;, >
# line 142
<WHILE, >
# line 142
<(, >
# line 142
<ID, j>
# line 142
<+, >
# line 142
<INT_CONST, 1>
# line 142
<<, >
# line 142
<ID, size>
# line 142
<), >
# line 142
<{, >
# line 143
<ID, elements>
# line 143
<[, >
# line 143
<ID, j>
# line 143
<], >
# line 143
<=, >
# line 143
<ID, elements>
# line 143
<[, >
# line 143
<ID, j>
# line 143
<+, >
# line 143
<INT_CONST, 1>
# line 143
<], >
# line 143
<;, >
# line 144
<ID, j>
# line 144
<=, >
# line 144
<ID, j>
# line 144
<+, >
# line 144
<INT_CONST, 1>
# line 144
<;, >
# line 145
<}, >
# line 146
<ID, size>
# line 146
<=, >
# line 146
<ID, size>
# line 146
<-, >
# line 146
<INT_CONST, 1>
# line 146
<;, >
# line 148
<RETURN, >
# line 148
<ID, this>
# line 148
<;, >
# line 149
<}, >
# line 155
<ID, Vector>
# line 155
<ID, addElement>
# line 155
<(, >
# line 155
<ID, Object>
# line 155
<ID, o>
# line 155
<), >
# line 155
<{, >
# line 156
<RETURN, >
# line 156
<ID, addElementAt>
# line 156
<(, >
# line 156
<ID, o>
# line 156
<,, >
# line 156
<ID, size>
# line 156
<), >
# line 156
<;, >
# line 157
<}, >
# line 163
<ID, Vector>
# line 163
<ID, removeElement>
# line 163
<(, >
# line 163
<ID, Object>
# line 163
<ID, o>
# line 163
<), >
# line 163
<{, >
# line 164
<ID, boolean>
# line 164
<ID, removed>
# line 164
<=, >
# line 164
<BOOLEAN_CONST, false>
# line 164
<;, >
# line 165
<ID, int>
# line 165
<ID, i>
# line 165
<=, >
# line 165
<INT_CONST, 0>
# line 165
<;, >
# line 167
<WHILE, >
# line 167
<(, >
# line 167
<ID, i>
# line 167
<<, >
# line 167
<ID, size>
# line 167
<&&, >
# line 167
<!, >
# line 167
<ID, removed>
# line 167
<), >
# line 167
<{, >
# line 168
<IF, >
# line 168
<(, >
# line 168
<ID, elements>
# line 168
<[, >
# line 168
<ID, i>
# line 168
<], >
# line 168
<==, >
# line 168
<ID, o>
# line 168
<), >
# line 168
<{, >
# line 169
<ID, int>
# line 169
<ID, j>
# line 169
<=, >
# line 169
<ID, i>
# line 169
<;, >
# line 170
<WHILE, >
# line 170
<(, >
# line 170
<ID, j>
# line 170
<+, >
# line 170
<INT_CONST, 1>
# line 170
<<, >
# line 170
<ID, size>
# line 170
<), >
# line 170
<{, >
# line 171
<ID, elements>
# line 171
<[, >
# line 171
<ID, j>
# line 171
<], >
# line 171
<=, >
# line 171
<ID, elements>
# line 171
<[, >
# line 171
<ID, j>
# line 171
<+, >
# line 171
<INT_CONST, 1>
# line 171
<], >
# line 171
<;, >
# line 172
<}, >
# line 173
<ID, size>
# line 173
<=, >
# line 173
<ID, size>
# line 173
<-, >
# line 173
<INT_CONST, 1>
# line 173
<;, >
# line 174
<ID, removed>
# line 174
<=, >
# line 174
<BOOLEAN_CONST, true>
# line 174
<;, >
# line 175
<}, >
# line 176
<ID, i>
# line 176
<=, >
# line 176
<ID, i>
# line 176
<+, >
# line 176
<INT_CONST, 1>
# line 176
<;, >
# line 177
<}, >
# line 179
<IF, >
# line 179
<(, >
# line 179
<!, >
# line 179
<ID, removed>
# line 179
<), >
# line 180
<ID, error>
# line 180
<(, >
# line 180
<STRING_CONST, "element not found in vector", [length: 27] >
# line 180
<), >
# line 180
<;, >
# line 182
<RETURN, >
# line 182
<ID, this>
# line 182
<;, >
# line 183
<}, >
# line 184
<}, >
# line 190
<CLASS, >
# line 190
<ID, VectorElement>
# line 190
<{, >
# line 192
<ID, Object>
# line 192
<ID, element>
# line 192
<;, >
# line 194
<ID, VectorElement>
# line 194
<ID, next>
# line 194
<;, >
# line 199
<ID, Object>
# line 199
<ID, getElement>
# line 199
<(, >
# line 199
<), >
# line 199
<{, >
# line 200
<RETURN, >
# line 200
<ID, element>
# line 200
<;, >
# line 201
<}, >
# line 206
<ID, VectorElement>
# line 206
<ID, setElement>
# line 206
<(, >
# line 206
<ID, Object>
# line 206
<ID, o>
# line 206
<), >
# line 206
<{, >
# line 207
<ID, element>
# line 207
<=, >
# line 207
<ID, o>
# line 207
<;, >
# line 208
<RETURN, >
# line 208
<ID, this>
# line 208
<;, >
# line 209
<}, >
# line 214
<ID, VectorElement>
# line 214
<ID, getNext>
# line 214
<(, >
# line 214
<), >
# line 214
<{, >
# line 215
<RETURN, >
# line 215
<ID, next>
# line 215
<;, >
# line 216
<}, >
# line 221
<ID, VectorElement>
# line 221
<ID, setNext>
# line 221
<(, >
# line 221
<ID, VectorElement>
# line 221
<ID, ve>
# line 221
<), >
# line 221
<{, >
# line 222
<ID, next>
# line 222
<=, >
# line 222
<ID, ve>
# line 222
<;, >
# line 223
<RETURN, >
# line 223
<ID, this>
# line 223
<;, >
# line 224
<}, >
# line 225
<}, >
# line 225
<EOF, >
