# IOReadError.btm
# line 1
<CLASS, >
# line 1
<ID, Main>
# line 1
<{, >
# line 2
<ID, void>
# line 2
<ID, main>
# line 2
<(, >
# line 2
<), >
# line 2
<{, >
# line 3
<ID, TextIO>
# line 3
<ID, io>
# line 3
<=, >
# line 3
<NEW, >
# line 3
<ID, TextIO>
# line 3
<(, >
# line 3
<), >
# line 3
<;, >
# line 4
<ID, io>
# line 4
<., >
# line 4
<ID, readFile>
# line 4
<(, >
# line 4
<STRING_CONST, "/foo", [length: 4] >
# line 4
<), >
# line 4
<;, >
# line 5
<ID, String>
# line 5
<ID, s>
# line 5
<=, >
# line 5
<ID, io>
# line 5
<., >
# line 5
<ID, getString>
# line 5
<(, >
# line 5
<), >
# line 5
<;, >
# line 6
<RETURN, >
# line 6
<;, >
# line 7
<}, >
# line 8
<}, >
# line 8
<EOF, >
