# LexicalErrors2.btm
# line 1
<CLASS, >
# line 1
<ID, Main>
# line 1
<{, >
# line 2
<ID, void>
# line 2
<ID, main>
# line 2
<(, >
# line 2
<), >
# line 2
<{, >
# line 3
<ID, int>
# line 3
<ID, x>
# line 3
<;, >
# line 4
<ID, x>
# line 4
<=, >
# line 4
<INT_CONST, 1>
# line 4
<;, >
# line 5
<ID, x>
# line 5
<=, >
# line 5
<INT_CONST, 2>
# line 5
<;, >
# line 6
<ID, x>
# line 6
<=, >
# line 6
<INT_CONST, 3>
# line 6
<;, >
# line 7
<ID, x>
# line 7
<=, >
# line 7
<INT_CONST, 4>
# line 7
<;, >
# line 8
<ID, x>
# line 8
<=, >
# line 8
<INT_CONST, 5>
# line 8
<;, >
# line 9
<ID, x>
# line 9
<=, >
# line 9
<INT_CONST, 6>
# line 9
<;, >
# line 10
<ID, x>
# line 10
<=, >
# line 10
<INT_CONST, 7>
# line 10
<;, >
# line 11
<ID, x>
# line 11
<=, >
# line 11
<INT_CONST, 8>
# line 11
<;, >
# line 12
<ID, x>
# line 12
<=, >
# line 12
<INT_CONST, 9>
# line 12
<;, >
# line 13
<ID, x>
# line 13
<=, >
# line 13
<INT_CONST, 10>
# line 13
<;, >
# line 14
<ID, x>
# line 14
<=, >
# line 14
<INT_CONST, 11>
# line 14
<;, >
# line 15
<ID, x>
# line 15
<=, >
# line 15
<INT_CONST, 12>
# line 15
<;, >
# line 16
<ID, x>
# line 16
<=, >
# line 16
<INT_CONST, 13>
# line 16
<;, >
# line 16
</*, >
# line 16
<ID, unterminated>
# line 16
<ID, comment>
# line 17
<RETURN, >
# line 17
<;, >
# line 18
<}, >
# line 19
<}, >
LexicalErrors2.btm:16:lexical error: Unterminated multi-line comment starting with /*

Stopping compilation due to errors
1 error(s)
